---
title: 树莓派挂载移动硬盘
date: 2019-01-05 14:10:36
tags:
- RaspberryPi
categories:
- 智能家居
---
# 查看移动硬盘
首先，将移动硬盘通过USB数据线接到树莓派的USB接口。在命令行输入以下命令查看移动硬盘。
从输出结果可以看到，移动硬盘有2个分区：sda1和sda2, 磁盘设备为sda。

```
sudo fdisk -l
```

```
Device         Boot  Start      End  Sectors  Size Id Type
/dev/mmcblk0p1        8192   122879   114688   56M  c W95 FAT32 (LBA)
/dev/mmcblk0p2      122880 31116287 30993408 14.8G 83 Linux

GPT PMBR size mismatch (312581806 != 312581807) will be corrected by w(rite).

Disk /dev/sda: 149.1 GiB, 160041885696 bytes, 312581808 sectors
Units: sectors of 1 * 512 = 512 bytes
Sector size (logical/physical): 512 bytes / 512 bytes
I/O size (minimum/optimal): 512 bytes / 512 bytes
Disklabel type: gpt
Disk identifier: 8001D93D-B7B7-48E7-91B2-1F99037AF238

Device      Start       End   Sectors   Size Type
/dev/sda1      40    409639    409600   200M EFI System
/dev/sda2  409640 312319623 311909984 148.7G Apple HFS/HFS+
```

# 格式化移动硬盘

## 格式化磁盘
```
pi@raspberrypi ~ $ sudo fdisk /dev/sda

Welcome to fdisk (util-linux 2.25.2).
Changes will remain in memory only, until you decide to write them.
Be careful before using the write command.

/dev/sda: device contains a valid 'ext4' signature, it's strongly recommended to wipe the device by command wipefs(8) if this setup is unexpected to avoid possible collisions.

Device does not contain a recognized partition table.
Created a new DOS disklabel with disk identifier 0x448ea5cd.

Command (m for help): n

Partition type
   p   primary (0 primary, 0 extended, 4 free)
   e   extended (container for logical partitions)
Select (default p): p
Partition number (1-4, default 1): 
First sector (2048-312581807, default 2048): 
Last sector, +sectors or +size{K,M,G,T,P} (2048-312581807, default 312581807): 

Created a new partition 1 of type 'Linux' and of size 149.1 GiB.

```
## 创建文件系统ext4

```
pi@raspberrypi ~ $ sudo mkfs.ext4 /dev/sda1
mke2fs 1.43.3 (04-Sep-2016)
Creating filesystem with 39072470 4k blocks and 9773056 inodes
Filesystem UUID: 4de0e171-8799-4d96-b4b5-dc8cc1b5302e
Superblock backups stored on blocks: 
	32768, 98304, 163840, 229376, 294912, 819200, 884736, 1605632, 2654208, 
	4096000, 7962624, 11239424, 20480000, 23887872

Allocating group tables: done                            
Writing inode tables: done                            
Creating journal (262144 blocks): done
Writing superblocks and filesystem accounting information: done 
```

## 为分区设置标签

```
sudo e2label /dev/sda1 HDD160GB
```

# 挂载移动硬盘

1. 创建挂载目录HDD160GB

```
mkdir /mnt/HDD160GB
```

2. 编辑/etc/fstab

```
sudo vi /etc/fstab
```

3. 在/etc/fstab中添加以下内容, UUID可以在创建文件系统时查看。

```
UUID=4de0e171-8799-4d96-b4b5-dc8cc1b5302e       /mnt/HDD160GB   ext4    defaults        0       0
```

重启设备后，可以看到移动硬盘已经挂载成功。

```
pi@raspberrypi ~ $ df -h
Filesystem      Size  Used Avail Use% Mounted on
/dev/root        15G  8.3G  5.7G  60% /
devtmpfs        214M     0  214M   0% /dev
tmpfs           218M     0  218M   0% /dev/shm
tmpfs           218M  4.8M  213M   3% /run
tmpfs           5.0M  4.0K  5.0M   1% /run/lock
tmpfs           218M     0  218M   0% /sys/fs/cgroup
/dev/sda1       146G  2.6G  136G   2% /mnt/HDD160GB
/dev/mmcblk0p1   56M   20M   37M  36% /boot
tmpfs            44M     0   44M   0% /run/user/1000
```